🔥 Grill 1.4.0.0-2c676dd
🔷 Installing dependencies..
	🔹 Pulling <wurstStdlib2:master>
✔ Installed dependencies!
✔ Core JASS ready (v3.0, updated)
🔥 Grill 1.4.0.0-2c676dd
verifyInstallation: detectedCompilerJar=/home/wurstuser/.wurst/wurst-compiler/wurstscript.jar exists=true
Found installation at /home/wurstuser/.wurst/wurst-compiler/wurstscript.jar
⚗️ Running tests...
✔ Core JASS ready (v3.0, cached)
Running tests
Running /tmp/wurst-test/wurst/CampaignAutosaveSchedulerTests.wurst:6 - rollingSlotsDeferralAndRestore..
	OK!
Running /tmp/wurst-test/wurst/CampaignAutosaveSchedulerTests.wurst:29 - failureDoesNotAdvanceRollingSlot..
	OK!
Running /tmp/wurst-test/wurst/CampaignSaveManagerTests.wurst:48 - slotsAndDeferredSave..
	OK!
Running /tmp/wurst-test/wurst/CampaignSaveManagerTests.wurst:65 - rejectedLoadNeverActivates..
	OK!
Running /tmp/wurst-test/wurst/CampaignSaveManagerTests.wurst:86 - transactionalFailurePreservesStorage..
	OK!
Running /tmp/wurst-test/wurst/CommandRouterTests.wurst:17 - parsingAliasesAndArgumentValidation..
	OK!
Running /tmp/wurst-test/wurst/CommandRouterTests.wurst:28 - pagingTopicsAndMalformedHelp..
	OK!
Running /tmp/wurst-test/wurst/CommandRouterTests.wurst:44 - conflictsAndBuildVisibility..
	OK!
Running /tmp/wurst-test/wurst/CountryDiplomacyScreenTests.wurst:43 - playerCanOpenOfferRespondAndObserveWorldChange..
	OK!
Running /tmp/wurst-test/wurst/CountryDiplomacyScreenTests.wurst:57 - undiscoveredAndInvalidOffersStayClosed..
	OK!
Running /tmp/wurst-test/wurst/CountryDiplomacyScreenTests.wurst:67 - governmentRewardsValidateAndPersistWithoutDuplicateMutation..
	OK!
Running /tmp/wurst-test/wurst/CountryDiplomacyScreenTests.wurst:88 - pendingOffersAndRewardHistorySurviveReconstruction..
	FAILED assertion:
	Test failed: Expected <true>, Actual <false>

Running /tmp/wurst-test/wurst/ManagementScreenPauseControllerTests.wurst:13 - firstModalAcquiresFullCampaignPause..
	OK!
Running /tmp/wurst-test/wurst/ManagementScreenPauseControllerTests.wurst:23 - nestedModalOwnershipHoldsUntilFinalClose..
	OK!
Running /tmp/wurst-test/wurst/ManagementScreenPauseControllerTests.wurst:40 - closeIsIdempotentAndCannotReleaseAnotherOwner..
	OK!
Running /tmp/wurst-test/wurst/ManagementScreenPauseControllerTests.wurst:51 - finalClosePreservesPreExistingManualPause..
	OK!
Running /tmp/wurst-test/wurst/ManagementScreenPauseControllerTests.wurst:62 - passiveUiDoesNotAcquireOrChangePause..
	OK!
Running /tmp/wurst-test/wurst/MapDiscoveryScreenTests.wurst:25 - worldAndRegionalViewsAreModalAndKeepPhysicalRegion..
	OK!
Running /tmp/wurst-test/wurst/MapDiscoveryScreenTests.wurst:40 - focusApisOnlyUpdatePresentation..
	OK!
Running /tmp/wurst-test/wurst/MilitarySettlementRuntimeTests.wurst:42 - recruitmentLossReinforcementAndTraditionReachRuntimeUnits..
	OK!
Running /tmp/wurst-test/wurst/MilitarySettlementRuntimeTests.wurst:56 - legalCaptureRebuildsLayoutAndEnforcesExactFiveSecondImmunity..
	OK!
Running /tmp/wurst-test/wurst/MilitarySettlementRuntimeTests.wurst:71 - garrisonWavesConsumePersistentFiniteResourcesAndDespawnQuietly..
	OK!
Running /tmp/wurst-test/wurst/MilitarySettlementRuntimeTests.wurst:89 - governorReplacementWarnsAndNeverImpliesPhysicalClone..
	OK!
Running /tmp/wurst-test/wurst/MilitarySettlementRuntimeTests.wurst:101 - inactiveRegionContinuesAbstractlyAndReconstructsFromAuthority..
	OK!
Running /tmp/wurst-test/wurst/MilitarySettlementRuntimeTests.wurst:114 - captureStateSurvivesMapRetirementAndReconstruction..
	OK!
Running /tmp/wurst-test/wurst/MilitarySettlementRuntimeTests.wurst:125 - snapshotRestorePreservesMidWarFleetOrdersSiegeAndAdministration..
	OK!
Running /tmp/wurst-test/wurst/MilitarySettlementRuntimeTests.wurst:159 - changedControlImmunityAndRepeatedReconstructionNeverDuplicateAuthority..
	OK!
Running /tmp/wurst-test/wurst/NewCampaignOriginSelectionTests.wurst:18 - searchablePagedOriginSelectionCreatesImmutableHistory..
	OK!
Running /tmp/wurst-test/wurst/NewCampaignOriginSelectionTests.wurst:39 - invalidOriginNeverFallsBack..
	OK!
Running /tmp/wurst-test/wurst/PlayableCampaignRuntimeTests.wurst:86 - playableAutosaveLoadAndIntegrityAreRuntimeWired..
	OK!
Running /tmp/wurst-test/wurst/PlayableCampaignRuntimeTests.wurst:102 - piracyCrossMapAuthorityUsesCampaignCodecAndStorageBoundary..
	OK!
Running /tmp/wurst-test/wurst/PlayableCampaignRuntimeTests.wurst:139 - malformedDuplicatePiracyRecordsRejectAtomically..
	OK!
Running /tmp/wurst-test/wurst/PlayableCampaignRuntimeTests.wurst:150 - prePiracyCampaignSaveMigratesToConfiguredEmptyAuthority..
	OK!
Running /tmp/wurst-test/wurst/PlayableCampaignRuntimeTests.wurst:161 - everyAdvertisedLiveSchemaDecodesAndResavesAsCurrent..
	OK!
Running /tmp/wurst-test/wurst/PlayableCampaignRuntimeTests.wurst:184 - currentLiveSchemaCannotSilentlyInventMissingDomains..
	OK!
Running /tmp/wurst-test/wurst/PlayableCampaignRuntimeTests.wurst:191 - transitionCommitsBeforeLoadAndPreservesNormalizedBoundaryPosition..
	OK!
Running /tmp/wurst-test/wurst/PlayableCampaignRuntimeTests.wurst:204 - interruptedTransitionKeepsPhysicalRuntimeAndAuthority..
	OK!
Running /tmp/wurst-test/wurst/PlayableCampaignRuntimeTests.wurst:218 - changedCityAndQuestSurviveMapRevisit..
	OK!
Running /tmp/wurst-test/wurst/PlayableCampaignRuntimeTests.wurst:233 - invalidPhysicalBoundaryNeverLoadsMap..
	OK!
Running /tmp/wurst-test/wurst/PlayableCampaignRuntimeTests.wurst:244 - remoteAccessDoesNotRevealUnknownOrMovePhysicalRegion..
function 
No builtin function PauseGame found.
Calling method PauseGame(true)
with types PauseGame(ILconstBool)
PauseGame cannot be used from the Wurst interpreter.

    ╚ PlayableCampaignRuntimeTests.wurst:255 inside call remoteAccessDoesNotRevealUnknownOrMovePhysicalRegion()
    ╚ RemoteRegionManagement.wurst:63 inside call RegionSelector_select(RegionSelector_1, Player0, "africa")
    ╚ ManagementScreenPauseController.wurst:86 inside call openModalManagementScreen()
    ╚ ManagementScreenPauseController.wurst:43 inside call ManagementScreenPauseController_openModalManagementScreen(ManagementScreenPauseController_8)
    ╚ ManagementScreenPauseController.wurst:72 inside call ManagementScreenPauseController_applyPauseState(ManagementScreenPauseController_8, true)
    ╚ ManagementScreenPauseController.wurst:76 inside call WC3CampaignPauseRuntime_setCampaignPaused(WC3CampaignPauseRuntime_8, true)
function PauseGame cannot be used from the Wurst interpreter.

    ╚ PlayableCampaignRuntimeTests.wurst:258 inside call remoteAccessDoesNotRevealUnknownOrMovePhysicalRegion()
    ╚ RemoteRegionManagement.wurst:84 inside call RegionSelector_returnToPhysicalRegion(RegionSelector_1, Player0)
    ╚ RemoteRegionManagement.wurst:77 inside call RegionSelector_select(RegionSelector_1, Player0, "europe")
    ╚ ManagementScreenPauseController.wurst:18 inside call ModalManagementScreen_close(ModalManagementScreen_9)
    ╚ ManagementScreenPauseController.wurst:67 inside call ManagementScreenPauseController_releaseModalManagementScreen(ManagementScreenPauseController_8)
    ╚ ManagementScreenPauseController.wurst:72 inside call ManagementScreenPauseController_applyPauseState(ManagementScreenPauseController_8, false)
    ╚ ManagementScreenPauseController.wurst:76 inside call WC3CampaignPauseRuntime_setCampaignPaused(WC3CampaignPauseRuntime_8, false)
Running /tmp/wurst-test/wurst/PlayablePiracyTests.wurst:23 - bootstrapContractSupportsCommissionedPrivateeringAndPrizeDisposition..
	OK!
Running /tmp/wurst-test/wurst/PlayablePiracyTests.wurst:34 - unlicensedPiracyCreatesNotorietyBountyPressureAndExhaustion..
	OK!
Running /tmp/wurst-test/wurst/PlayablePiracyTests.wurst:46 - rejectsExpiredRevokedIneligibleAndInvalidPrizeActionsAtomically..
	OK!
Running /tmp/wurst-test/wurst/PlayablePiracyTests.wurst:59 - havenAndIndependentPolityUseOrdinaryCampaignAuthorities..
	OK!
Running /tmp/wurst-test/wurst/PlayablePiracyTests.wurst:77 - insufficientFoundingAndRejectedOrdinaryHandoffRollBack..
	OK!
Running /tmp/wurst-test/wurst/PlayablePiracyTests.wurst:90 - saveLoadReconstructsVesselsPressureTerritoryGovernmentDiplomacyAndRecognition..
	OK!
Running /tmp/wurst-test/wurst/PlayableTradeTests.wurst:12 - playerCanInspectBuyCarryMoveAndSellCargo..
	FAILED assertion:
	Test failed: Expected <Sold 10 Pepper; realized P/L 150.>, Actual <Sold 10 Pepper; realized P/L 170.>

Running /tmp/wurst-test/wurst/PlayableTradeTests.wurst:33 - runtimeRejectsCapacityAndDuplicateTransactions..
	OK!
Running /tmp/wurst-test/wurst/PlayableTradeTests.wurst:42 - repeatedRouteStandingDiminishes..
	OK!
Running /tmp/wurst-test/wurst/PlayableTradeTests.wurst:56 - staleDisplayRestrictionsAndFailuresRollbackAtomically..
	FAILED assertion:
	Test failed: Expected <true>, Actual <false>

Running /tmp/wurst-test/wurst/PlayableTradeTests.wurst:79 - tradeAuthoritySurvivesRuntimeReconstruction..
	OK!
Running /tmp/wurst-test/wurst/PlayerGodModeTests.wurst:42 - toggleExplicitFormsAndEntityCategories..
	OK!
Running /tmp/wurst-test/wurst/PlayerGodModeTests.wurst:62 - inheritanceTransfersAndOwnedProtection..
	OK!
Running /tmp/wurst-test/wurst/PlayerGodModeTests.wurst:80 - campaignLoadResetsSessionOnlyMode..
	OK!
Running /tmp/wurst-test/wurst/PlayerGodModeTests.wurst:89 - helpRegistrationAndFeedback..
	OK!
Running /tmp/wurst-test/wurst/ReligionRuntimeTests.wurst:38 - bootstrapRegistrationOpeningOverviewAndBenefitExplanation..
Faith: Old Faith
Personal investment: 50 | Current influence: 675
Benefits use bounded diminishing returns:
- reputation: 229 / 800 bp — Community ties support reputation.
Policy: pluralism | Institutions: mixed_council | Supported faiths: old_faith,new_faith
Conversion changes reputation, costs campaign resources, is recorded permanently, and is subject to cooldown.
	FAILED assertion:
	Test failed: Expected <true>, Actual <false>

Running /tmp/wurst-test/wurst/ReligionRuntimeTests.wurst:50 - mixedRegionsRiseDeclineAlternateHistoryAndBoundedScalingReconcile..
	OK!
Running /tmp/wurst-test/wurst/ReligionRuntimeTests.wurst:61 - conversionAcceptanceRejectionCooldownHistoryAndAtomicRollback..
	OK!
Running /tmp/wurst-test/wurst/ReligionRuntimeTests.wurst:75 - saveLoadCrossMapReconstructionAndRepeatedLoadDoNotDuplicateEffects..
	OK!
Running /tmp/wurst-test/wurst/ReligionRuntimeTests.wurst:88 - hiddenInformationFilteringAndPolicyChange..
	OK!
Running /tmp/wurst-test/wurst/UnstuckRecoveryTests.wurst:81 - emptySelectionUsesMainCharacter..
	OK!
Running /tmp/wurst-test/wurst/UnstuckRecoveryTests.wurst:88 - eligibleMixedAndIneligibleSelectionsAreDeterministic..
	OK!
Running /tmp/wurst-test/wurst/UnstuckRecoveryTests.wurst:104 - allFiltersRegionOwnershipAndPhysicalEligibility..
	OK!
Running /tmp/wurst-test/wurst/UnstuckRecoveryTests.wurst:125 - recoveryPriorityAndFailureDoNotMove..
	OK!
Running /tmp/wurst-test/wurst/UnstuckRecoveryTests.wurst:148 - movementClassesPreserveConnectedComponents..
	OK!
Running /tmp/wurst-test/wurst/UnstuckRecoveryTests.wurst:164 - lastSafeRoundTripStaleAndInvalidation..
	OK!
Running /tmp/wurst-test/wurst/UnstuckRecoveryTests.wurst:178 - commandValidatesAllKeywordAndPublishesHelp..
	OK!
Running /tmp/wurst-test/wurst/WC3CompatibilityCompileFixture.wurst:5 - compatibilityTargetAndCapabilitiesArePinned..
	OK!
Running /tmp/wurst-test/wurst/WarcraftRpgRuntimeTests.wurst:35 - recruitmentProgressionRecoveryAndReconstruction..
	OK!
Running /tmp/wurst-test/wurst/WarcraftRpgRuntimeTests.wurst:54 - equipmentRequirementsComparisonUniquenessAndSets..
	You encountered a bug in the interpreter: java.lang.Error: java.lang.NullPointerException: Cannot invoke "de.peeeq.wurstscript.intermediatelang.ILconstString.getVal()" because "string" is null
Trace : WarcraftRpgRuntime.wurst:20
    ╚ WarcraftRpgRuntime.wurst:20 inside call textContains("", null)
    ╚ WarcraftRpgRuntime.wurst:270 inside call PlayerInventory_available(PlayerInventory_2, RpgItem_1, RpgHero_2, 1600, "", "")
    ╚ WarcraftRpgRuntime.wurst:273 inside call PlayerInventory_equip(PlayerInventory_2, "hero", "coat", RpgHero_2, 1600, "", "")
    ╚ WarcraftRpgRuntimeTests.wurst:69 inside call equipmentRequirementsComparisonUniquenessAndSets()


Running /tmp/wurst-test/wurst/WarcraftRpgRuntimeTests.wurst:73 - questTreasureTechnologyAndReconstruction..
	FAILED assertion:
	Test failed: Expected <true>, Actual <false>

Running /tmp/wurst-test/wurst/WarcraftRpgRuntimeTests.wurst:109 - authoritativeStateRoundTripsAndReconcilesExactlyOnce..
	You encountered a bug in the interpreter: java.lang.Error: java.lang.NullPointerException: Cannot invoke "de.peeeq.wurstscript.intermediatelang.ILconstString.getVal()" because "string" is null
Trace : WarcraftRpgRuntime.wurst:20
    ╚ WarcraftRpgRuntime.wurst:20 inside call textContains("", null)
    ╚ WarcraftRpgRuntime.wurst:270 inside call PlayerInventory_available(PlayerInventory_4, RpgItem_4, RpgHero_4, 1600, "", "")
    ╚ WarcraftRpgRuntime.wurst:273 inside call PlayerInventory_equip(PlayerInventory_4, "hero", "coat", RpgHero_4, 1600, "", "")
    ╚ WarcraftRpgRuntimeTests.wurst:125 inside call authoritativeStateRoundTripsAndReconcilesExactlyOnce()


Running /tmp/wurst-test/wurst/WarcraftRpgRuntimeTests.wurst:184 - playerReachableActionsWorldEventsAndRepeatLock..
	You encountered a bug in the interpreter: java.lang.Error: java.lang.NullPointerException: Cannot invoke "de.peeeq.wurstscript.intermediatelang.ILconstString.getVal()" because "string" is null
Trace : WarcraftRpgRuntime.wurst:20
    ╚ WarcraftRpgRuntime.wurst:20 inside call textContains("~", null)
    ╚ WarcraftRpgRuntime.wurst:270 inside call PlayerInventory_available(PlayerInventory_5, RpgItem_5, RpgHero_5, 1450, "~", "~")
    ╚ WarcraftRpgRuntime.wurst:273 inside call PlayerInventory_equip(PlayerInventory_5, "hero", "blade", RpgHero_5, 1450, "~", "~")
    ╚ WarcraftRpgRuntime.wurst:550 inside call WarcraftRpgRuntime_equipItem(WarcraftRpgRuntime_5, "hero", "blade", 1450)
    ╚ WarcraftRpgRuntimeTests.wurst:196 inside call playerReachableActionsWorldEventsAndRepeatLock()


Tests succeeded: 64/73
>> 9 Tests have failed!
Finished running tests
de.peeeq.wurstio.languageserver.requests.RequestFailedException: Could not compile project (error in running compiletime functions/expressions): 
Error in File CountryDiplomacyScreenTests.wurst:88:
 Test failed: Expected <true>, Actual <false>
Error: Could not compile project (error in running compiletime functions/expressions): 
Error in File CountryDiplomacyScreenTests.wurst:88:
 Test failed: Expected <true>, Actual <false>
❌ Wurst test failed.
Exit code: 2
Try: rerun with `--quiet` for a shorter error log, or `--debug` for troubleshooting details.
