🔥 Grill 1.4.0.0-2c676dd
verifyInstallation: detectedCompilerJar=/home/wurstuser/.wurst/wurst-compiler/wurstscript.jar exists=true
Found installation at /home/wurstuser/.wurst/wurst-compiler/wurstscript.jar
⚗️ Running tests...
✔ Core JASS ready (v3.0, cached)
Running tests
Running /tmp/workspace/maps/historical-world-rpg/age-of-sail-world/_build/wurst-tests/compile/wurst/CampaignAutosaveSchedulerTests.wurst:6 - rollingSlotsDeferralAndRestore..
	OK!
Running /tmp/workspace/maps/historical-world-rpg/age-of-sail-world/_build/wurst-tests/compile/wurst/CampaignAutosaveSchedulerTests.wurst:29 - failureDoesNotAdvanceRollingSlot..
	OK!
Running /tmp/workspace/maps/historical-world-rpg/age-of-sail-world/_build/wurst-tests/compile/wurst/CampaignSaveManagerTests.wurst:48 - slotsAndDeferredSave..
	OK!
Running /tmp/workspace/maps/historical-world-rpg/age-of-sail-world/_build/wurst-tests/compile/wurst/CampaignSaveManagerTests.wurst:65 - rejectedLoadNeverActivates..
	OK!
Running /tmp/workspace/maps/historical-world-rpg/age-of-sail-world/_build/wurst-tests/compile/wurst/CampaignSaveManagerTests.wurst:86 - transactionalFailurePreservesStorage..
	OK!
Running /tmp/workspace/maps/historical-world-rpg/age-of-sail-world/_build/wurst-tests/compile/wurst/CommandRouterTests.wurst:17 - parsingAliasesAndArgumentValidation..
	OK!
Running /tmp/workspace/maps/historical-world-rpg/age-of-sail-world/_build/wurst-tests/compile/wurst/CommandRouterTests.wurst:28 - pagingTopicsAndMalformedHelp..
	OK!
Running /tmp/workspace/maps/historical-world-rpg/age-of-sail-world/_build/wurst-tests/compile/wurst/CommandRouterTests.wurst:44 - conflictsAndBuildVisibility..
	OK!
Running /tmp/workspace/maps/historical-world-rpg/age-of-sail-world/_build/wurst-tests/compile/wurst/CountryDiplomacyScreenTests.wurst:43 - playerCanOpenOfferRespondAndObserveWorldChange..
	OK!
Running /tmp/workspace/maps/historical-world-rpg/age-of-sail-world/_build/wurst-tests/compile/wurst/CountryDiplomacyScreenTests.wurst:57 - undiscoveredAndInvalidOffersStayClosed..
	OK!
Running /tmp/workspace/maps/historical-world-rpg/age-of-sail-world/_build/wurst-tests/compile/wurst/CountryDiplomacyScreenTests.wurst:67 - governmentRewardsValidateAndPersistWithoutDuplicateMutation..
	OK!
Running /tmp/workspace/maps/historical-world-rpg/age-of-sail-world/_build/wurst-tests/compile/wurst/CountryDiplomacyScreenTests.wurst:88 - pendingOffersAndRewardHistorySurviveReconstruction..
	OK!
Running /tmp/workspace/maps/historical-world-rpg/age-of-sail-world/_build/wurst-tests/compile/wurst/CountryDiplomacyScreenTests.wurst:131 - lateInvalidCountryRecordsPreserveActiveAuthority..
	OK!
Running /tmp/workspace/maps/historical-world-rpg/age-of-sail-world/_build/wurst-tests/compile/wurst/CountryDiplomacyScreenTests.wurst:159 - legacyCountryResourcesAndSparseOfferSequenceRemainCompatible..
	OK!
Running /tmp/workspace/maps/historical-world-rpg/age-of-sail-world/_build/wurst-tests/compile/wurst/ManagementScreenPauseControllerTests.wurst:13 - firstModalAcquiresFullCampaignPause..
	OK!
Running /tmp/workspace/maps/historical-world-rpg/age-of-sail-world/_build/wurst-tests/compile/wurst/ManagementScreenPauseControllerTests.wurst:23 - nestedModalOwnershipHoldsUntilFinalClose..
	OK!
Running /tmp/workspace/maps/historical-world-rpg/age-of-sail-world/_build/wurst-tests/compile/wurst/ManagementScreenPauseControllerTests.wurst:40 - closeIsIdempotentAndCannotReleaseAnotherOwner..
	OK!
Running /tmp/workspace/maps/historical-world-rpg/age-of-sail-world/_build/wurst-tests/compile/wurst/ManagementScreenPauseControllerTests.wurst:51 - finalClosePreservesPreExistingManualPause..
	OK!
Running /tmp/workspace/maps/historical-world-rpg/age-of-sail-world/_build/wurst-tests/compile/wurst/ManagementScreenPauseControllerTests.wurst:62 - passiveUiDoesNotAcquireOrChangePause..
	OK!
Running /tmp/workspace/maps/historical-world-rpg/age-of-sail-world/_build/wurst-tests/compile/wurst/MapDiscoveryScreenTests.wurst:25 - worldAndRegionalViewsAreModalAndKeepPhysicalRegion..
	OK!
Running /tmp/workspace/maps/historical-world-rpg/age-of-sail-world/_build/wurst-tests/compile/wurst/MapDiscoveryScreenTests.wurst:40 - focusApisOnlyUpdatePresentation..
	OK!
Running /tmp/workspace/maps/historical-world-rpg/age-of-sail-world/_build/wurst-tests/compile/wurst/MilitarySettlementRuntimeTests.wurst:42 - recruitmentLossReinforcementAndTraditionReachRuntimeUnits..
	OK!
Running /tmp/workspace/maps/historical-world-rpg/age-of-sail-world/_build/wurst-tests/compile/wurst/MilitarySettlementRuntimeTests.wurst:56 - legalCaptureRebuildsLayoutAndEnforcesExactFiveSecondImmunity..
	OK!
Running /tmp/workspace/maps/historical-world-rpg/age-of-sail-world/_build/wurst-tests/compile/wurst/MilitarySettlementRuntimeTests.wurst:71 - garrisonWavesConsumePersistentFiniteResourcesAndDespawnQuietly..
	OK!
Running /tmp/workspace/maps/historical-world-rpg/age-of-sail-world/_build/wurst-tests/compile/wurst/MilitarySettlementRuntimeTests.wurst:89 - governorReplacementWarnsAndNeverImpliesPhysicalClone..
	OK!
Running /tmp/workspace/maps/historical-world-rpg/age-of-sail-world/_build/wurst-tests/compile/wurst/MilitarySettlementRuntimeTests.wurst:101 - inactiveRegionContinuesAbstractlyAndReconstructsFromAuthority..
	OK!
Running /tmp/workspace/maps/historical-world-rpg/age-of-sail-world/_build/wurst-tests/compile/wurst/MilitarySettlementRuntimeTests.wurst:114 - captureStateSurvivesMapRetirementAndReconstruction..
	OK!
Running /tmp/workspace/maps/historical-world-rpg/age-of-sail-world/_build/wurst-tests/compile/wurst/MilitarySettlementRuntimeTests.wurst:125 - snapshotRestorePreservesMidWarFleetOrdersSiegeAndAdministration..
	OK!
Running /tmp/workspace/maps/historical-world-rpg/age-of-sail-world/_build/wurst-tests/compile/wurst/MilitarySettlementRuntimeTests.wurst:159 - changedControlImmunityAndRepeatedReconstructionNeverDuplicateAuthority..
	OK!
Running /tmp/workspace/maps/historical-world-rpg/age-of-sail-world/_build/wurst-tests/compile/wurst/NewCampaignOriginSelectionTests.wurst:18 - searchablePagedOriginSelectionCreatesImmutableHistory..
	OK!
Running /tmp/workspace/maps/historical-world-rpg/age-of-sail-world/_build/wurst-tests/compile/wurst/NewCampaignOriginSelectionTests.wurst:39 - invalidOriginNeverFallsBack..
	OK!
Running /tmp/workspace/maps/historical-world-rpg/age-of-sail-world/_build/wurst-tests/compile/wurst/PlayableCampaignRuntimeTests.wurst:94 - playableAutosaveLoadAndIntegrityAreRuntimeWired..
	OK!
Running /tmp/workspace/maps/historical-world-rpg/age-of-sail-world/_build/wurst-tests/compile/wurst/PlayableCampaignRuntimeTests.wurst:110 - piracyCrossMapAuthorityUsesCampaignCodecAndStorageBoundary..
	OK!
Running /tmp/workspace/maps/historical-world-rpg/age-of-sail-world/_build/wurst-tests/compile/wurst/PlayableCampaignRuntimeTests.wurst:147 - malformedDuplicatePiracyRecordsRejectAtomically..
	OK!
Running /tmp/workspace/maps/historical-world-rpg/age-of-sail-world/_build/wurst-tests/compile/wurst/PlayableCampaignRuntimeTests.wurst:158 - prePiracyCampaignSaveMigratesToConfiguredEmptyAuthority..
	OK!
Running /tmp/workspace/maps/historical-world-rpg/age-of-sail-world/_build/wurst-tests/compile/wurst/PlayableCampaignRuntimeTests.wurst:169 - everyAdvertisedLiveSchemaDecodesAndResavesAsCurrent..
	OK!
Running /tmp/workspace/maps/historical-world-rpg/age-of-sail-world/_build/wurst-tests/compile/wurst/PlayableCampaignRuntimeTests.wurst:192 - currentLiveSchemaCannotSilentlyInventMissingDomains..
	OK!
Running /tmp/workspace/maps/historical-world-rpg/age-of-sail-world/_build/wurst-tests/compile/wurst/PlayableCampaignRuntimeTests.wurst:199 - transitionCommitsBeforeLoadAndPreservesNormalizedBoundaryPosition..
	OK!
Running /tmp/workspace/maps/historical-world-rpg/age-of-sail-world/_build/wurst-tests/compile/wurst/PlayableCampaignRuntimeTests.wurst:212 - interruptedTransitionKeepsPhysicalRuntimeAndAuthority..
	OK!
Running /tmp/workspace/maps/historical-world-rpg/age-of-sail-world/_build/wurst-tests/compile/wurst/PlayableCampaignRuntimeTests.wurst:226 - changedCityAndQuestSurviveMapRevisit..
	OK!
Running /tmp/workspace/maps/historical-world-rpg/age-of-sail-world/_build/wurst-tests/compile/wurst/PlayableCampaignRuntimeTests.wurst:241 - invalidPhysicalBoundaryNeverLoadsMap..
	OK!
Running /tmp/workspace/maps/historical-world-rpg/age-of-sail-world/_build/wurst-tests/compile/wurst/PlayableCampaignRuntimeTests.wurst:252 - remoteAccessDoesNotRevealUnknownOrMovePhysicalRegion..
	OK!
Running /tmp/workspace/maps/historical-world-rpg/age-of-sail-world/_build/wurst-tests/compile/wurst/PlayablePiracyTests.wurst:23 - bootstrapContractSupportsCommissionedPrivateeringAndPrizeDisposition..
	OK!
Running /tmp/workspace/maps/historical-world-rpg/age-of-sail-world/_build/wurst-tests/compile/wurst/PlayablePiracyTests.wurst:34 - unlicensedPiracyCreatesNotorietyBountyPressureAndExhaustion..
	OK!
Running /tmp/workspace/maps/historical-world-rpg/age-of-sail-world/_build/wurst-tests/compile/wurst/PlayablePiracyTests.wurst:46 - rejectsExpiredRevokedIneligibleAndInvalidPrizeActionsAtomically..
	OK!
Running /tmp/workspace/maps/historical-world-rpg/age-of-sail-world/_build/wurst-tests/compile/wurst/PlayablePiracyTests.wurst:59 - havenAndIndependentPolityUseOrdinaryCampaignAuthorities..
	OK!
Running /tmp/workspace/maps/historical-world-rpg/age-of-sail-world/_build/wurst-tests/compile/wurst/PlayablePiracyTests.wurst:77 - insufficientFoundingAndRejectedOrdinaryHandoffRollBack..
	OK!
Running /tmp/workspace/maps/historical-world-rpg/age-of-sail-world/_build/wurst-tests/compile/wurst/PlayablePiracyTests.wurst:90 - saveLoadReconstructsVesselsPressureTerritoryGovernmentDiplomacyAndRecognition..
	OK!
Running /tmp/workspace/maps/historical-world-rpg/age-of-sail-world/_build/wurst-tests/compile/wurst/PlayableTradeTests.wurst:12 - playerCanInspectBuyCarryMoveAndSellCargo..
	OK!
Running /tmp/workspace/maps/historical-world-rpg/age-of-sail-world/_build/wurst-tests/compile/wurst/PlayableTradeTests.wurst:37 - runtimeRejectsCapacityAndDuplicateTransactions..
	OK!
Running /tmp/workspace/maps/historical-world-rpg/age-of-sail-world/_build/wurst-tests/compile/wurst/PlayableTradeTests.wurst:46 - repeatedRouteStandingDiminishes..
	OK!
Running /tmp/workspace/maps/historical-world-rpg/age-of-sail-world/_build/wurst-tests/compile/wurst/PlayableTradeTests.wurst:60 - staleDisplayRestrictionsAndFailuresRollbackAtomically..
	OK!
Running /tmp/workspace/maps/historical-world-rpg/age-of-sail-world/_build/wurst-tests/compile/wurst/PlayableTradeTests.wurst:90 - tradeAuthoritySurvivesRuntimeReconstruction..
	OK!
Running /tmp/workspace/maps/historical-world-rpg/age-of-sail-world/_build/wurst-tests/compile/wurst/PlayableTradeTests.wurst:132 - rejectionPreservesPricesHistoryCostBasisAndRetryIdentity..
	OK!
Running /tmp/workspace/maps/historical-world-rpg/age-of-sail-world/_build/wurst-tests/compile/wurst/PlayerGodModeTests.wurst:42 - toggleExplicitFormsAndEntityCategories..
	OK!
Running /tmp/workspace/maps/historical-world-rpg/age-of-sail-world/_build/wurst-tests/compile/wurst/PlayerGodModeTests.wurst:62 - inheritanceTransfersAndOwnedProtection..
	OK!
Running /tmp/workspace/maps/historical-world-rpg/age-of-sail-world/_build/wurst-tests/compile/wurst/PlayerGodModeTests.wurst:80 - campaignLoadResetsSessionOnlyMode..
	OK!
Running /tmp/workspace/maps/historical-world-rpg/age-of-sail-world/_build/wurst-tests/compile/wurst/PlayerGodModeTests.wurst:89 - helpRegistrationAndFeedback..
	OK!
Running /tmp/workspace/maps/historical-world-rpg/age-of-sail-world/_build/wurst-tests/compile/wurst/ReligionRuntimeTests.wurst:38 - bootstrapRegistrationOpeningOverviewAndBenefitExplanation..
	OK!
Running /tmp/workspace/maps/historical-world-rpg/age-of-sail-world/_build/wurst-tests/compile/wurst/ReligionRuntimeTests.wurst:61 - mixedRegionsRiseDeclineAlternateHistoryAndBoundedScalingReconcile..
	OK!
Running /tmp/workspace/maps/historical-world-rpg/age-of-sail-world/_build/wurst-tests/compile/wurst/ReligionRuntimeTests.wurst:72 - conversionAcceptanceRejectionCooldownHistoryAndAtomicRollback..
	OK!
Running /tmp/workspace/maps/historical-world-rpg/age-of-sail-world/_build/wurst-tests/compile/wurst/ReligionRuntimeTests.wurst:86 - saveLoadCrossMapReconstructionAndRepeatedLoadDoNotDuplicateEffects..
	OK!
Running /tmp/workspace/maps/historical-world-rpg/age-of-sail-world/_build/wurst-tests/compile/wurst/ReligionRuntimeTests.wurst:99 - hiddenInformationFilteringAndPolicyChange..
	OK!
Running /tmp/workspace/maps/historical-world-rpg/age-of-sail-world/_build/wurst-tests/compile/wurst/UnstuckRecoveryTests.wurst:81 - emptySelectionUsesMainCharacter..
	OK!
Running /tmp/workspace/maps/historical-world-rpg/age-of-sail-world/_build/wurst-tests/compile/wurst/UnstuckRecoveryTests.wurst:88 - eligibleMixedAndIneligibleSelectionsAreDeterministic..
	OK!
Running /tmp/workspace/maps/historical-world-rpg/age-of-sail-world/_build/wurst-tests/compile/wurst/UnstuckRecoveryTests.wurst:104 - allFiltersRegionOwnershipAndPhysicalEligibility..
	OK!
Running /tmp/workspace/maps/historical-world-rpg/age-of-sail-world/_build/wurst-tests/compile/wurst/UnstuckRecoveryTests.wurst:125 - recoveryPriorityAndFailureDoNotMove..
	OK!
Running /tmp/workspace/maps/historical-world-rpg/age-of-sail-world/_build/wurst-tests/compile/wurst/UnstuckRecoveryTests.wurst:148 - movementClassesPreserveConnectedComponents..
	OK!
Running /tmp/workspace/maps/historical-world-rpg/age-of-sail-world/_build/wurst-tests/compile/wurst/UnstuckRecoveryTests.wurst:164 - lastSafeRoundTripStaleAndInvalidation..
	OK!
Running /tmp/workspace/maps/historical-world-rpg/age-of-sail-world/_build/wurst-tests/compile/wurst/UnstuckRecoveryTests.wurst:178 - commandValidatesAllKeywordAndPublishesHelp..
	OK!
Running /tmp/workspace/maps/historical-world-rpg/age-of-sail-world/_build/wurst-tests/compile/wurst/WC3CompatibilityCompileFixture.wurst:5 - compatibilityTargetAndCapabilitiesArePinned..
	OK!
Running /tmp/workspace/maps/historical-world-rpg/age-of-sail-world/_build/wurst-tests/compile/wurst/WarcraftRpgRuntimeTests.wurst:36 - recruitmentProgressionRecoveryAndReconstruction..
	OK!
Running /tmp/workspace/maps/historical-world-rpg/age-of-sail-world/_build/wurst-tests/compile/wurst/WarcraftRpgRuntimeTests.wurst:55 - equipmentRequirementsComparisonUniquenessAndSets..
	OK!
Running /tmp/workspace/maps/historical-world-rpg/age-of-sail-world/_build/wurst-tests/compile/wurst/WarcraftRpgRuntimeTests.wurst:74 - questTreasureTechnologyAndReconstruction..
	OK!
Running /tmp/workspace/maps/historical-world-rpg/age-of-sail-world/_build/wurst-tests/compile/wurst/WarcraftRpgRuntimeTests.wurst:110 - authoritativeStateRoundTripsAndReconcilesExactlyOnce..
	OK!
Running /tmp/workspace/maps/historical-world-rpg/age-of-sail-world/_build/wurst-tests/compile/wurst/WarcraftRpgRuntimeTests.wurst:185 - playerReachableActionsWorldEventsAndRepeatLock..
	OK!
Running /tmp/workspace/maps/historical-world-rpg/age-of-sail-world/_build/wurst-tests/compile/wurst/WarcraftRpgRuntimeTests.wurst:228 - minimalOptionalRecordsHaveValidDefaultsAndReconstruct..
	OK!
Running /tmp/workspace/maps/historical-world-rpg/age-of-sail-world/_build/wurst-tests/compile/wurst/WarcraftRpgRuntimeTests.wurst:280 - generatedRpgRecordsExecuteAndRestoreThroughProductionRegistration..
	OK!
Tests succeeded: 78/78
>> All tests have passed successfully!
Finished running tests
compilation finished (errors: 0, warnings: 171)
Warning in File CommandRouter.wurst:287:
 Explicit .toString() is redundant in this string concatenation.
Warning in File CommandRouter.wurst:287:
 Explicit .toString() is redundant in this string concatenation.
Warning in File PlayablePiracy.wurst:254:
 Explicit .toString() is redundant in this string concatenation.
Warning in File PlayablePiracy.wurst:254:
 Explicit .toString() is redundant in this string concatenation.
Warning in File PlayablePiracy.wurst:254:
 Explicit .toString() is redundant in this string concatenation.
Warning in File PlayablePiracy.wurst:254:
 Explicit .toString() is redundant in this string concatenation.
Warning in File PlayablePiracy.wurst:254:
 Explicit .toString() is redundant in this string concatenation.
Warning in File PlayablePiracy.wurst:276:
 Explicit .toString() is redundant in this string concatenation.
Warning in File PlayablePiracy.wurst:276:
 Explicit .toString() is redundant in this string concatenation.
Warning in File PlayablePiracy.wurst:276:
 Explicit .toString() is redundant in this string concatenation.
Warning in File PlayablePiracy.wurst:276:
 Explicit .toString() is redundant in this string concatenation.
Warning in File PlayablePiracy.wurst:287:
 The variable tick is never read. If intentional, prefix with "_" to suppress this warning.
Warning in File PlayablePiracy.wurst:315:
 Explicit .toString() is redundant in this string concatenation.
Warning in File PlayablePiracy.wurst:351:
 Explicit .toString() is redundant in this string concatenation.
Warning in File PlayablePiracy.wurst:351:
 Explicit .toString() is redundant in this string concatenation.
Warning in File PlayablePiracy.wurst:354:
 Explicit .toString() is redundant in this string concatenation.
Warning in File PlayablePiracy.wurst:357:
 Explicit .toString() is redundant in this string concatenation.
Warning in File PlayablePiracy.wurst:360:
 Explicit .toString() is redundant in this string concatenation.
Warning in File PlayablePiracy.wurst:370:
 Explicit .toString() is redundant in this string concatenation.
Warning in File PlayablePiracy.wurst:370:
 Explicit .toString() is redundant in this string concatenation.
Warning in File PlayablePiracy.wurst:370:
 Explicit .toString() is redundant in this string concatenation.
Warning in File PlayablePiracy.wurst:370:
 Explicit .toString() is redundant in this string concatenation.
Warning in File PlayablePiracy.wurst:585:
 Explicit .toString() is redundant in this string concatenation.
Warning in File CampaignTimeline.wurst:160:
 Explicit .toString() is redundant in this string concatenation.
Warning in File CampaignTimeline.wurst:160:
 Explicit .toString() is redundant in this string concatenation.
Warning in File CampaignTimeline.wurst:160:
 Explicit .toString() is redundant in this string concatenation.
Warning in File CampaignTimeline.wurst:160:
 Explicit .toString() is redundant in this string concatenation.
Warning in File ReligionRuntime.wurst:143:
 Explicit .toString() is redundant in this string concatenation.
Warning in File ReligionRuntime.wurst:143:
 Explicit .toString() is redundant in this string concatenation.
Warning in File ReligionRuntime.wurst:147:
 Explicit .toString() is redundant in this string concatenation.
Warning in File ReligionRuntime.wurst:147:
 Explicit .toString() is redundant in this string concatenation.
Warning in File ReligionRuntime.wurst:175:
 Explicit .toString() is redundant in this string concatenation.
Warning in File ReligionRuntime.wurst:175:
 Explicit .toString() is redundant in this string concatenation.
Warning in File ReligionRuntime.wurst:175:
 Explicit .toString() is redundant in this string concatenation.
Warning in File ReligionRuntime.wurst:183:
 Explicit .toString() is redundant in this string concatenation.
Warning in File ReligionRuntime.wurst:183:
 Explicit .toString() is redundant in this string concatenation.
Warning in File ReligionRuntime.wurst:183:
 Explicit .toString() is redundant in this string concatenation.
Warning in File ReligionRuntime.wurst:183:
 Explicit .toString() is redundant in this string concatenation.
Warning in File ReligionRuntime.wurst:183:
 Explicit .toString() is redundant in this string concatenation.
Warning in File ReligionRuntime.wurst:184:
 Explicit .toString() is redundant in this string concatenation.
Warning in File ReligionRuntime.wurst:184:
 Explicit .toString() is redundant in this string concatenation.
Warning in File ReligionRuntime.wurst:184:
 Explicit .toString() is redundant in this string concatenation.
Warning in File ReligionRuntime.wurst:184:
 Explicit .toString() is redundant in this string concatenation.
Warning in File ReligionRuntime.wurst:184:
 Explicit .toString() is redundant in this string concatenation.
Warning in File PlayableTrade.wurst:60:
 Explicit .toString() is redundant in this string concatenation.
Warning in File PlayableTrade.wurst:60:
 Explicit .toString() is redundant in this string concatenation.
Warning in File PlayableTrade.wurst:60:
 Explicit .toString() is redundant in this string concatenation.
Warning in File PlayableTrade.wurst:134:
 Explicit .toString() is redundant in this string concatenation.
Warning in File PlayableTrade.wurst:168:
 Explicit .toString() is redundant in this string concatenation.
Warning in File PlayableTrade.wurst:168:
 Explicit .toString() is redundant in this string concatenation.
Warning in File PlayableTrade.wurst:327:
 Explicit .toString() is redundant in this string concatenation.
Warning in File PlayableTrade.wurst:327:
 Explicit .toString() is redundant in this string concatenation.
Warning in File PlayableTrade.wurst:327:
 Explicit .toString() is redundant in this string concatenation.
Warning in File PlayableTrade.wurst:327:
 Explicit .toString() is redundant in this string concatenation.
Warning in File PlayableTrade.wurst:327:
 Explicit .toString() is redundant in this string concatenation.
Warning in File PlayableTrade.wurst:327:
 Explicit .toString() is redundant in this string concatenation.
Warning in File PlayableTrade.wurst:327:
 Explicit .toString() is redundant in this string concatenation.
Warning in File PlayableTrade.wurst:327:
 Explicit .toString() is redundant in this string concatenation.
Warning in File PlayableTrade.wurst:327:
 Explicit .toString() is redundant in this string concatenation.
Warning in File PlayableTrade.wurst:327:
 Explicit .toString() is redundant in this string concatenation.
Warning in File PlayableTrade.wurst:332:
 Explicit .toString() is redundant in this string concatenation.
Warning in File PlayableTrade.wurst:332:
 Explicit .toString() is redundant in this string concatenation.
Warning in File PlayableTrade.wurst:332:
 Explicit .toString() is redundant in this string concatenation.
Warning in File PlayableTrade.wurst:333:
 Explicit .toString() is redundant in this string concatenation.
Warning in File PlayableTrade.wurst:333:
 Explicit .toString() is redundant in this string concatenation.
Warning in File PlayableTrade.wurst:333:
 Explicit .toString() is redundant in this string concatenation.
Warning in File PlayableTrade.wurst:333:
 Explicit .toString() is redundant in this string concatenation.
Warning in File PlayableTrade.wurst:333:
 Explicit .toString() is redundant in this string concatenation.
Warning in File PlayableTrade.wurst:333:
 Explicit .toString() is redundant in this string concatenation.
Warning in File PlayableTrade.wurst:333:
 Explicit .toString() is redundant in this string concatenation.
Warning in File PlayableTrade.wurst:333:
 Explicit .toString() is redundant in this string concatenation.
Warning in File PlayableTrade.wurst:333:
 Explicit .toString() is redundant in this string concatenation.
Warning in File PlayableTrade.wurst:333:
 Explicit .toString() is redundant in this string concatenation.
Warning in File PlayableTrade.wurst:333:
 Explicit .toString() is redundant in this string concatenation.
Warning in File PlayableTrade.wurst:333:
 Explicit .toString() is redundant in this string concatenation.
Warning in File PlayableTrade.wurst:333:
 Explicit .toString() is redundant in this string concatenation.
Warning in File PlayableTrade.wurst:333:
 Explicit .toString() is redundant in this string concatenation.
Warning in File PlayableTrade.wurst:420:
 Explicit .toString() is redundant in this string concatenation.
Warning in File WarcraftRpgRuntime.wurst:657:
 Explicit .toString() is redundant in this string concatenation.
Warning in File WarcraftRpgRuntime.wurst:660:
 Explicit .toString() is redundant in this string concatenation.
Warning in File WarcraftRpgRuntime.wurst:660:
 Explicit .toString() is redundant in this string concatenation.
Warning in File WarcraftRpgRuntime.wurst:660:
 Explicit .toString() is redundant in this string concatenation.
Warning in File WarcraftRpgRuntime.wurst:660:
 Explicit .toString() is redundant in this string concatenation.
Warning in File WarcraftRpgRuntime.wurst:660:
 Explicit .toString() is redundant in this string concatenation.
Warning in File WarcraftRpgRuntime.wurst:660:
 Explicit .toString() is redundant in this string concatenation.
Warning in File WarcraftRpgRuntime.wurst:660:
 Explicit .toString() is redundant in this string concatenation.
Warning in File WarcraftRpgRuntime.wurst:671:
 Explicit .toString() is redundant in this string concatenation.
Warning in File WarcraftRpgRuntime.wurst:671:
 Explicit .toString() is redundant in this string concatenation.
Warning in File WarcraftRpgRuntime.wurst:671:
 Explicit .toString() is redundant in this string concatenation.
Warning in File WarcraftRpgRuntime.wurst:672:
 Explicit .toString() is redundant in this string concatenation.
Warning in File WarcraftRpgRuntime.wurst:675:
 Explicit .toString() is redundant in this string concatenation.
Warning in File Bootstrap.wurst:99:
 Explicit .toString() is redundant in this string concatenation.
Warning in File MilitarySettlementRuntime.wurst:368:
 Explicit .toString() is redundant in this string concatenation.
Warning in File MilitarySettlementRuntime.wurst:458:
 Explicit .toString() is redundant in this string concatenation.
Warning in File MilitarySettlementRuntime.wurst:461:
 Explicit .toString() is redundant in this string concatenation.
Warning in File MilitarySettlementRuntime.wurst:461:
 Explicit .toString() is redundant in this string concatenation.
Warning in File MilitarySettlementRuntime.wurst:461:
 Explicit .toString() is redundant in this string concatenation.
Warning in File MilitarySettlementRuntime.wurst:461:
 Explicit .toString() is redundant in this string concatenation.
Warning in File MilitarySettlementRuntime.wurst:461:
 Explicit .toString() is redundant in this string concatenation.
Warning in File MilitarySettlementRuntime.wurst:464:
 Explicit .toString() is redundant in this string concatenation.
Warning in File MilitarySettlementRuntime.wurst:464:
 Explicit .toString() is redundant in this string concatenation.
Warning in File MilitarySettlementRuntime.wurst:464:
 Explicit .toString() is redundant in this string concatenation.
Warning in File MilitarySettlementRuntime.wurst:464:
 Explicit .toString() is redundant in this string concatenation.
Warning in File MilitarySettlementRuntime.wurst:464:
 Explicit .toString() is redundant in this string concatenation.
Warning in File MilitarySettlementRuntime.wurst:464:
 Explicit .toString() is redundant in this string concatenation.
Warning in File MilitarySettlementRuntime.wurst:464:
 Explicit .toString() is redundant in this string concatenation.
Warning in File MilitarySettlementRuntime.wurst:464:
 Explicit .toString() is redundant in this string concatenation.
Warning in File MilitarySettlementRuntime.wurst:467:
 Explicit .toString() is redundant in this string concatenation.
Warning in File MilitarySettlementRuntime.wurst:467:
 Explicit .toString() is redundant in this string concatenation.
Warning in File MilitarySettlementRuntime.wurst:467:
 Explicit .toString() is redundant in this string concatenation.
Warning in File MilitarySettlementRuntime.wurst:467:
 Explicit .toString() is redundant in this string concatenation.
Warning in File MilitarySettlementRuntime.wurst:473:
 Explicit .toString() is redundant in this string concatenation.
Warning in File MilitarySettlementRuntime.wurst:473:
 Explicit .toString() is redundant in this string concatenation.
Warning in File MilitarySettlementRuntime.wurst:473:
 Explicit .toString() is redundant in this string concatenation.
Warning in File MilitarySettlementRuntime.wurst:473:
 Explicit .toString() is redundant in this string concatenation.
Warning in File MilitarySettlementRuntime.wurst:533:
 Explicit .toString() is redundant in this string concatenation.
Warning in File MilitarySettlementRuntime.wurst:597:
 Explicit .toString() is redundant in this string concatenation.
Warning in File MilitarySettlementRuntime.wurst:597:
 Explicit .toString() is redundant in this string concatenation.
Warning in File MilitarySettlementRuntime.wurst:597:
 Explicit .toString() is redundant in this string concatenation.
Warning in File MilitarySettlementRuntime.wurst:601:
 Explicit .toString() is redundant in this string concatenation.
Warning in File MilitarySettlementRuntime.wurst:601:
 Explicit .toString() is redundant in this string concatenation.
Warning in File MilitarySettlementRuntime.wurst:601:
 Explicit .toString() is redundant in this string concatenation.
Warning in File MilitarySettlementRuntime.wurst:601:
 Explicit .toString() is redundant in this string concatenation.
Warning in File MilitarySettlementRuntime.wurst:601:
 Explicit .toString() is redundant in this string concatenation.
Warning in File MilitarySettlementRuntime.wurst:605:
 Explicit .toString() is redundant in this string concatenation.
Warning in File MilitarySettlementRuntime.wurst:605:
 Explicit .toString() is redundant in this string concatenation.
Warning in File MilitarySettlementRuntime.wurst:605:
 Explicit .toString() is redundant in this string concatenation.
Warning in File MilitarySettlementRuntime.wurst:605:
 Explicit .toString() is redundant in this string concatenation.
Warning in File CountryDiplomacyScreenTests.wurst:155:
 Explicit .toString() is redundant in this string concatenation.
Warning in File UnstuckRecovery.wurst:39:
 Explicit .toString() is redundant in this string concatenation.
Warning in File UnstuckRecovery.wurst:142:
 Explicit .toString() is redundant in this string concatenation.
Warning in File UnstuckRecovery.wurst:225:
 Explicit .toString() is redundant in this string concatenation.
Warning in File UnstuckRecovery.wurst:225:
 Explicit .toString() is redundant in this string concatenation.
Warning in File UnstuckRecovery.wurst:250:
 Explicit .toString() is redundant in this string concatenation.
Warning in File UnstuckRecovery.wurst:250:
 Explicit .toString() is redundant in this string concatenation.
Warning in File UnstuckRecovery.wurst:250:
 Explicit .toString() is redundant in this string concatenation.
Warning in File PlayableCampaignRuntime.wurst:233:
 Explicit .toString() is redundant in this string concatenation.
Warning in File PlayableCampaignRuntime.wurst:233:
 Explicit .toString() is redundant in this string concatenation.
Warning in File PlayableCampaignRuntime.wurst:233:
 Explicit .toString() is redundant in this string concatenation.
Warning in File PlayableCampaignRuntime.wurst:234:
 Explicit .toString() is redundant in this string concatenation.
Warning in File PlayableCampaignRuntime.wurst:257:
 Explicit .toString() is redundant in this string concatenation.
Warning in File PlayableCampaignRuntime.wurst:361:
 Explicit .toString() is redundant in this string concatenation.
Warning in File PlayableCampaignRuntime.wurst:361:
 Explicit .toString() is redundant in this string concatenation.
Warning in File UnstuckRecoveryTests.wurst:157:
 Explicit .toString() is redundant in this string concatenation.
Warning in File PlayableCountryInteractions.wurst:130:
 Explicit .toString() is redundant in this string concatenation.
Warning in File PlayableCountryInteractions.wurst:130:
 Explicit .toString() is redundant in this string concatenation.
Warning in File PlayableCountryInteractions.wurst:130:
 Explicit .toString() is redundant in this string concatenation.
Warning in File PlayableCountryInteractions.wurst:153:
 Explicit .toString() is redundant in this string concatenation.
Warning in File PlayableCountryInteractions.wurst:210:
 Explicit .toString() is redundant in this string concatenation.
Warning in File PlayableCountryInteractions.wurst:210:
 Explicit .toString() is redundant in this string concatenation.
Warning in File PlayableCountryInteractions.wurst:210:
 Explicit .toString() is redundant in this string concatenation.
Warning in File PlayableCountryInteractions.wurst:210:
 Explicit .toString() is redundant in this string concatenation.
Warning in File PlayableCountryInteractions.wurst:210:
 Explicit .toString() is redundant in this string concatenation.
Warning in File PlayableCountryInteractions.wurst:217:
 Explicit .toString() is redundant in this string concatenation.
Warning in File ScenarioData.wurst:19:
 The variable controller is never read. If intentional, prefix with "_" to suppress this warning.
Warning in File ScenarioData.wurst:21:
 The variable registry is never read. If intentional, prefix with "_" to suppress this warning.
Warning in File PlayablePiracy.wurst:556:
 Field 'commissions' has no explicit initializer and is not definitely assigned by every constructor; this access may observe its default value. Initialize it explicitly in every construction path.
Warning in File PlayablePiracy.wurst:558:
 Field 'processedActionIds' has no explicit initializer and is not definitely assigned by every constructor; this access may observe its default value. Initialize it explicitly in every construction path.
Warning in File PlayablePiracy.wurst:559:
 Field 'processedPrizeRecords' has no explicit initializer and is not definitely assigned by every constructor; this access may observe its default value. Initialize it explicitly in every construction path.
Warning in File PlayablePiracy.wurst:561:
 Field 'regionIds' has no explicit initializer and is not definitely assigned by every constructor; this access may observe its default value. Initialize it explicitly in every construction path.
Warning in File PlayablePiracy.wurst:562:
 Field 'regionalPressure' has no explicit initializer and is not definitely assigned by every constructor; this access may observe its default value. Initialize it explicitly in every construction path.
Warning in File PlayableCampaignRuntime.wurst:433:
 The assignment to local variable area is never read.
Warning in File PlayableCampaignRuntime.wurst:464:
 The assignment to local variable ok is never read.
Warning in File WarcraftRpgRuntime.wurst:4:
 The import ManagementScreenPauseController is never used
Warning in File Bootstrap.wurst:10:
 The import WarcraftRegionalRuntime is never used
Warning in File Bootstrap.wurst:15:
 The import CountryDiplomacyScreen is never used
Warning in File CountryDiplomacyScreenTests.wurst:6:
 The import Wurstunit can be removed, because it is already included in Wurst.
Warning in File WC3Compatibility.wurst:4:
 The import Annotations can be removed, because it is already included in Wurst.
Warning in File MilitarySettlementRuntimeTests.wurst:4:
 The import Wurstunit can be removed, because it is already included in Wurst.
Warning in File WarcraftRpgRuntime.wurst:517:
 Constant local variables should be defined using 'let'.
Warning in File WarcraftRpgRuntime.wurst:367:
 Constant local variables should be defined using 'let'.
✅ All tests succeeded.
